// Jest Snapshot v1, https://goo.gl/fbAQLP

exports[`Ignores if there's some other content in the paragraph 1`] = `
"\`code\` and some text
"
`;

exports[`ignores inlineCode inside blockquote 1`] = `
"> \`code\`

> Quote
>
> > Inner quote
> > \`code\`
"
`;

exports[`ignores is there's more than 1 child in paragraph 1`] = `
"Some text with \`code\`
"
`;

exports[`turnes inlineCode into code 1`] = `
"Some text with:

\`\`\`
code
\`\`\`
"
`;
